[2026-05-13 16:13:48] Instalacion rapida: se omite reparacion DNS preventiva (solo se aplica ante falla real).
[2026-05-13 16:13:49] compose up | time="2026-05-13T16:13:49-05:00" level=warning msg="The \"VITE_API_BASE_URL\" variable is not set. Defaulting to a blank string."
[2026-05-13 16:13:49] compose up | time="2026-05-13T16:13:49-05:00" level=warning msg="The \"VITE_API_BASE_URL\" variable is not set. Defaulting to a blank string."
[2026-05-13 16:13:49] compose up |  Container facturacion_local-pgadmin-1  Running
[2026-05-13 16:13:49] compose up |  Container facturacion_local-backend-1  Recreate
[2026-05-13 16:13:49] compose up |  Container facturacion_local-backend-1  Recreated
[2026-05-13 16:13:49] compose up |  Container facturacion_local-frontend-1  Recreate
[2026-05-13 16:13:49] compose up |  Container facturacion_local-admin-1  Recreate
[2026-05-13 16:13:49] compose up |  Container facturacion_local-frontend-1  Recreated
[2026-05-13 16:13:49] compose up |  Container facturacion_local-admin-1  Recreated
[2026-05-13 16:13:50] compose up |  Container facturacion_local-postgres-1  Starting
[2026-05-13 16:13:50] compose up |  Container facturacion_local-postgres-1  Started
[2026-05-13 16:13:50] compose up |  Container facturacion_local-postgres-1  Waiting
[2026-05-13 16:13:50] compose up |  Container facturacion_local-postgres-1  Waiting
[2026-05-13 16:14:00] compose up |  Container facturacion_local-postgres-1  Healthy
[2026-05-13 16:14:00] compose up |  Container facturacion_local-backend-1  Starting
[2026-05-13 16:14:00] compose up |  Container facturacion_local-postgres-1  Healthy
[2026-05-13 16:14:00] compose up |  Container facturacion_local-backend-1  Started
[2026-05-13 16:14:00] compose up |  Container facturacion_local-admin-1  Starting
[2026-05-13 16:14:00] compose up |  Container facturacion_local-frontend-1  Starting
[2026-05-13 16:14:01] compose up |  Container facturacion_local-admin-1  Started
[2026-05-13 16:14:01] compose up |  Container facturacion_local-frontend-1  Started
[2026-05-13 16:14:01] docker compose up exitoso en primer intento.
[2026-05-13 16:14:01] Acceso remoto deshabilitado: reglas de firewall removidas.
